// Vitest Snapshot v1, https://vitest.dev/guide/snapshot.html

exports[`TripDetailsPage > matches snapshot 1`] = `
<DocumentFragment>
  <div
    class="h-[calc(100vh-4rem)] grid grid-cols-1 lg:grid-cols-[280px_1fr_280px] gap-6 px-6 pt-10 pb-12 bg-gradient-to-r from-stone-300 via-white to-stone-300"
  >
    <div
      class="flex flex-col gap-6 overflow-hidden"
    >
      <div
        class="bg-white p-4 rounded-xl shadow max-h-[45%] overflow-y-auto"
      >
        <h1
          class="text-2xl font-bold mb-2"
        >
          Test trip
        </h1>
        <div
          data-testid="TripDetails"
        >
          Trip Details - Test trip
        </div>
        <div
          class="space-y-2 mt-4"
        >
          <a
            class="block w-full bg-blue-500 text-white py-1.5 rounded-md text-sm text-center hover:bg-blue-600 transition"
            data-discover="true"
            href="/trips/42/edit"
          >
            Edit Trip
          </a>
          <button
            class="w-full bg-gray-500 text-white py-1.5 rounded-md text-sm hover:bg-gray-600 transition"
          >
            Delete Trip
          </button>
        </div>
      </div>
      <div
        class="bg-white rounded-xl shadow flex-1 overflow-y-auto"
      >
        <div>
          Member Panel
        </div>
      </div>
    </div>
    <div
      class="bg-white p-4 rounded-xl shadow h-full overflow-y-auto"
    >
      <div>
        Activity Section
      </div>
    </div>
    <div
      class="bg-white rounded-xl shadow flex flex-col h-full overflow-hidden"
    >
      <div>
        Comment Panel
      </div>
    </div>
  </div>
</DocumentFragment>
`;
