// Vitest Snapshot v1, https://vitest.dev/guide/snapshot.html

exports[`MemberPanel > matches snapshot for default 1`] = `
<DocumentFragment>
  <div
    class="h-full flex flex-col bg-white rounded-xl shadow overflow-hidden"
  >
    <div
      class="flex justify-between items-center p-4"
    >
      <h2
        class="text-xl font-semibold"
      >
        Members
      </h2>
    </div>
    <div
      class="flex-1 overflow-y-auto px-4 py-2 space-y-3"
    >
      <div
        class="flex items-center justify-between bg-gray-50 p-3 rounded-lg shadow-sm"
      >
        <div
          class="flex items-center gap-3"
        >
          <img
            alt="testUser1's avatar"
            class="w-10 h-10 rounded-full object-cover border"
            src="/src/assets/profilePic.jpg"
          />
          <div
            class="text-sm"
          >
            <p
              class="font-semibold"
            >
               
            </p>
            <p
              class="text-gray-500"
            >
              @testUser1
            </p>
          </div>
        </div>
        <div
          class="flex gap-2"
        />
      </div>
      <div
        class="flex items-center justify-between bg-gray-50 p-3 rounded-lg shadow-sm"
      >
        <div
          class="flex items-center gap-3"
        >
          <img
            alt="testUser2's avatar"
            class="w-10 h-10 rounded-full object-cover border"
            src="testUser2.png"
          />
          <div
            class="text-sm"
          >
            <p
              class="font-semibold"
            >
               
            </p>
            <p
              class="text-gray-500"
            >
              @testUser2
            </p>
          </div>
        </div>
        <div
          class="flex gap-2"
        />
      </div>
    </div>
  </div>
</DocumentFragment>
`;
